main.c:63:6:updateClockBuffer	4	static
main.c:70:6:display7SEG	16	static
main.c:114:6:update7SEG	16	static
main.c:146:6:displayLEDMatrix	16	static
main.c:158:6:clearMatrix	8	static
main.c:162:6:updateLEDMatrix	16	static
main.c:266:6:setTimer0	16	static
main.c:271:6:setTimer1	16	static
main.c:276:6:setTimer2	16	static
main.c:281:6:timer_run	4	static
main.c:301:5:main	16	static
main.c:377:6:SystemClock_Config	72	static
main.c:413:13:MX_TIM2_Init	32	static
main.c:458:13:MX_GPIO_Init	32	static
main.c:508:6:HAL_TIM_PeriodElapsedCallback	16	static
main.c:518:6:Error_Handler	4	static,ignoring_inline_asm
