main.c:63:6:updateClockBuffer	4	static
main.c:70:6:display7SEG	16	static
main.c:114:6:update7SEG	16	static
main.c:146:6:updateMatrixBuffer	16	static
main.c:159:6:displayLEDMatrix	16	static
main.c:171:6:clearMatrix	8	static
main.c:175:6:updateLEDMatrix	16	static
main.c:281:6:setTimer0	16	static
main.c:286:6:setTimer1	16	static
main.c:291:6:setTimer2	16	static
main.c:296:6:setTimer3	16	static
main.c:301:6:timer_run	4	static
main.c:325:5:main	16	static
main.c:411:6:SystemClock_Config	72	static
main.c:447:13:MX_TIM2_Init	32	static
main.c:492:13:MX_GPIO_Init	32	static
main.c:542:6:HAL_TIM_PeriodElapsedCallback	16	static
main.c:552:6:Error_Handler	4	static,ignoring_inline_asm
